Non-existent input file test:
The program does not create the test3.txt.replace file and outputs that the input file could not be opened