hello this is brian

hi hi hi again again

this has been a fun test
see you soon
But the test isn't over yet, you have to check weird chars like 1490234325$#^$%&^%*@#$@#%}{\||"'''" }
ok i think that should do it

hello this is brian
Lew fm		 	SedIsForLosers


goodGG
not really
really now tho
GG

see you in the next test