lolello tlolis is brian

loli loli loli again again

tlolis lolas been a fun test
see you soon
But tlole test isn't over yet, you lolave to cloleck weird clolars like 1490234325$#^$%&^%*@#$@#%}{\||"'''" }
ok i tlolink tlolat slolould do it

lolello tlolis is brian
Lew fm		 	SedIsForLosers


goodbye
not really
really now tlolo
bye

see you in tlole next test